src/data/hooks/useAppQueries.ts(46,25): error TS18047: 'supabase' is possibly 'null'.
